// Jest Snapshot v1, https://goo.gl/fbAQLP

exports[`Shelf should mount correctly 1`] = `
Array [
  <div
    className="spinner lds-ring"
  >
    <div />
    <div />
    <div />
    <div />
  </div>,
  <div
    className="filters"
  >
    <h4
      className="title"
    >
      Tamanhos:
    </h4>
    <div
      className="filters-available-size"
    >
      <label>
        <input
          checked={false}
          onChange={[Function]}
          type="checkbox"
          value="40"
        />
        <span
          className="checkmark"
        >
          40
        </span>
      </label>
    </div>
    <div
      className="filters-available-size"
    >
      <label>
        <input
          checked={false}
          onChange={[Function]}
          type="checkbox"
          value="41"
        />
        <span
          className="checkmark"
        >
          41
        </span>
      </label>
    </div>
    <div
      className="filters-available-size"
    >
      <label>
        <input
          checked={false}
          onChange={[Function]}
          type="checkbox"
          value="43"
        />
        <span
          className="checkmark"
        >
          43
        </span>
      </label>
    </div>
    <div
      className="filters-available-size"
    >
      <label>
        <input
          checked={false}
          onChange={[Function]}
          type="checkbox"
          value="S"
        />
        <span
          className="checkmark"
        >
          S
        </span>
      </label>
    </div>
    <div
      className="filters-available-size"
    >
      <label>
        <input
          checked={false}
          onChange={[Function]}
          type="checkbox"
          value="G"
        />
        <span
          className="checkmark"
        >
          G
        </span>
      </label>
    </div>
    <div
      className="filters-available-size"
    >
      <label>
        <input
          checked={false}
          onChange={[Function]}
          type="checkbox"
          value="GG"
        />
        <span
          className="checkmark"
        >
          GG
        </span>
      </label>
    </div>
    <div
      className="filters-available-size"
    >
      <label>
        <input
          checked={false}
          onChange={[Function]}
          type="checkbox"
          value="GGG"
        />
        <span
          className="checkmark"
        >
          GGG
        </span>
      </label>
    </div>
  </div>,
  <div
    className="shelf-container"
  >
    <div
      className="shelf-container-header"
    >
      <small
        className="products-found"
      >
        <span>
          0
           Produto(s) encontrado.
        </span>
      </small>
      <div
        className="sort"
      >
        Ordenar por 
        <select
          onChange={[Function]}
        >
          <option
            key=""
            value=""
          >
            Selecionar
          </option>
          <option
            key="lowestprice"
            value="lowestprice"
          >
            Menor Preço
          </option>
          <option
            key="highestprice"
            value="highestprice"
          >
            Maior Preço
          </option>
        </select>
      </div>
      <div
        className="clearfix"
      />
    </div>
    <div
      className="clearfix"
    />
  </div>,
  <div
    className="clearfix"
  />,
]
`;
