// Jest Snapshot v1, https://goo.gl/fbAQLP

exports[`Testing <Header /> component should test snapshop in <Header > 1`] = `
<Header
  dispatch={[Function]}
  size={10}
  store={
    Object {
      "dispatch": [Function],
      "getState": [Function],
      "replaceReducer": [Function],
      "subscribe": [Function],
    }
  }
/>
`;
