// Jest Snapshot v1, https://goo.gl/fbAQLP

exports[`Testing <Cart /> component testing <Cart /> snapshot 1`] = `
<Cart
  bagItems={Array []}
  cartState={false}
  dispatch={[Function]}
  fullBag={Array []}
  maxInstallment={-Infinity}
  priceTotal={0}
  store={
    Object {
      "dispatch": [Function],
      "getState": [Function],
      "replaceReducer": [Function],
      "subscribe": [Function],
    }
  }
  storeSubscription={
    Subscription {
      "listeners": Object {
        "notify": [Function],
      },
      "onStateChange": [Function],
      "parentSub": undefined,
      "store": Object {
        "dispatch": [Function],
        "getState": [Function],
        "replaceReducer": [Function],
        "subscribe": [Function],
        Symbol(observable): [Function],
      },
      "unsubscribe": null,
    }
  }
/>
`;
